Archive member included to satisfy reference by file (symbol)

/Part/libopencm3-libs_and_examples/libopencm3-examples/libopencm3/lib/libopencm3_stm32f4.a(gpio_common_all.o)
                              miniblink.o (gpio_toggle)
/Part/libopencm3-libs_and_examples/libopencm3-examples/libopencm3/lib/libopencm3_stm32f4.a(gpio_common_f0234.o)
                              miniblink.o (gpio_mode_setup)
/Part/libopencm3-libs_and_examples/libopencm3-examples/libopencm3/lib/libopencm3_stm32f4.a(rcc_common_all.o)
                              miniblink.o (rcc_periph_clock_enable)
/Part/libopencm3-libs_and_examples/libopencm3-examples/libopencm3/lib/libopencm3_stm32f4.a(vector.o)
                              (reset_handler)

Discarded input sections

 .group         0x0000000000000000        0xc miniblink.o
 .group         0x0000000000000000        0xc miniblink.o
 .group         0x0000000000000000        0xc miniblink.o
 .group         0x0000000000000000        0xc miniblink.o
 .group         0x0000000000000000        0xc miniblink.o
 .group         0x0000000000000000        0xc miniblink.o
 .group         0x0000000000000000        0xc miniblink.o
 .group         0x0000000000000000        0xc miniblink.o
 .group         0x0000000000000000        0xc miniblink.o
 .group         0x0000000000000000        0xc miniblink.o
 .group         0x0000000000000000        0xc miniblink.o
 .group         0x0000000000000000        0xc miniblink.o
 .group         0x0000000000000000        0xc miniblink.o
 .text          0x0000000000000000        0x0 miniblink.o
 .data          0x0000000000000000        0x0 miniblink.o
 .bss           0x0000000000000000        0x0 miniblink.o
 .group         0x0000000000000000        0xc /Part/libopencm3-libs_and_examples/libopencm3-examples/libopencm3/lib/libopencm3_stm32f4.a(gpio_common_all.o)
 .group         0x0000000000000000        0xc /Part/libopencm3-libs_and_examples/libopencm3-examples/libopencm3/lib/libopencm3_stm32f4.a(gpio_common_all.o)
 .group         0x0000000000000000        0xc /Part/libopencm3-libs_and_examples/libopencm3-examples/libopencm3/lib/libopencm3_stm32f4.a(gpio_common_all.o)
 .group         0x0000000000000000        0xc /Part/libopencm3-libs_and_examples/libopencm3-examples/libopencm3/lib/libopencm3_stm32f4.a(gpio_common_all.o)
 .group         0x0000000000000000        0xc /Part/libopencm3-libs_and_examples/libopencm3-examples/libopencm3/lib/libopencm3_stm32f4.a(gpio_common_all.o)
 .group         0x0000000000000000        0xc /Part/libopencm3-libs_and_examples/libopencm3-examples/libopencm3/lib/libopencm3_stm32f4.a(gpio_common_all.o)
 .group         0x0000000000000000        0xc /Part/libopencm3-libs_and_examples/libopencm3-examples/libopencm3/lib/libopencm3_stm32f4.a(gpio_common_all.o)
 .group         0x0000000000000000        0xc /Part/libopencm3-libs_and_examples/libopencm3-examples/libopencm3/lib/libopencm3_stm32f4.a(gpio_common_all.o)
 .group         0x0000000000000000        0xc /Part/libopencm3-libs_and_examples/libopencm3-examples/libopencm3/lib/libopencm3_stm32f4.a(gpio_common_all.o)
 .group         0x0000000000000000        0xc /Part/libopencm3-libs_and_examples/libopencm3-examples/libopencm3/lib/libopencm3_stm32f4.a(gpio_common_all.o)
 .text          0x0000000000000000        0x0 /Part/libopencm3-libs_and_examples/libopencm3-examples/libopencm3/lib/libopencm3_stm32f4.a(gpio_common_all.o)
 .data          0x0000000000000000        0x0 /Part/libopencm3-libs_and_examples/libopencm3-examples/libopencm3/lib/libopencm3_stm32f4.a(gpio_common_all.o)
 .bss           0x0000000000000000        0x0 /Part/libopencm3-libs_and_examples/libopencm3-examples/libopencm3/lib/libopencm3_stm32f4.a(gpio_common_all.o)
 .text.gpio_set
                0x0000000000000000        0x4 /Part/libopencm3-libs_and_examples/libopencm3-examples/libopencm3/lib/libopencm3_stm32f4.a(gpio_common_all.o)
 .text.gpio_clear
                0x0000000000000000        0x6 /Part/libopencm3-libs_and_examples/libopencm3-examples/libopencm3/lib/libopencm3_stm32f4.a(gpio_common_all.o)
 .text.gpio_get
                0x0000000000000000        0x6 /Part/libopencm3-libs_and_examples/libopencm3-examples/libopencm3/lib/libopencm3_stm32f4.a(gpio_common_all.o)
 .text.gpio_port_read
                0x0000000000000000        0x6 /Part/libopencm3-libs_and_examples/libopencm3-examples/libopencm3/lib/libopencm3_stm32f4.a(gpio_common_all.o)
 .text.gpio_port_write
                0x0000000000000000        0x4 /Part/libopencm3-libs_and_examples/libopencm3-examples/libopencm3/lib/libopencm3_stm32f4.a(gpio_common_all.o)
 .text.gpio_port_config_lock
                0x0000000000000000       0x10 /Part/libopencm3-libs_and_examples/libopencm3-examples/libopencm3/lib/libopencm3_stm32f4.a(gpio_common_all.o)
 .debug_macro   0x0000000000000000       0x1c /Part/libopencm3-libs_and_examples/libopencm3-examples/libopencm3/lib/libopencm3_stm32f4.a(gpio_common_all.o)
 .debug_macro   0x0000000000000000      0x34e /Part/libopencm3-libs_and_examples/libopencm3-examples/libopencm3/lib/libopencm3_stm32f4.a(gpio_common_all.o)
 .debug_macro   0x0000000000000000       0x22 /Part/libopencm3-libs_and_examples/libopencm3-examples/libopencm3/lib/libopencm3_stm32f4.a(gpio_common_all.o)
 .debug_macro   0x0000000000000000       0xe8 /Part/libopencm3-libs_and_examples/libopencm3-examples/libopencm3/lib/libopencm3_stm32f4.a(gpio_common_all.o)
 .debug_macro   0x0000000000000000       0x76 /Part/libopencm3-libs_and_examples/libopencm3-examples/libopencm3/lib/libopencm3_stm32f4.a(gpio_common_all.o)
 .debug_macro   0x0000000000000000      0x280 /Part/libopencm3-libs_and_examples/libopencm3-examples/libopencm3/lib/libopencm3_stm32f4.a(gpio_common_all.o)
 .debug_macro   0x0000000000000000       0x76 /Part/libopencm3-libs_and_examples/libopencm3-examples/libopencm3/lib/libopencm3_stm32f4.a(gpio_common_all.o)
 .debug_macro   0x0000000000000000      0x37e /Part/libopencm3-libs_and_examples/libopencm3-examples/libopencm3/lib/libopencm3_stm32f4.a(gpio_common_all.o)
 .debug_macro   0x0000000000000000       0xca /Part/libopencm3-libs_and_examples/libopencm3-examples/libopencm3/lib/libopencm3_stm32f4.a(gpio_common_all.o)
 .group         0x0000000000000000        0xc /Part/libopencm3-libs_and_examples/libopencm3-examples/libopencm3/lib/libopencm3_stm32f4.a(gpio_common_f0234.o)
 .group         0x0000000000000000        0xc /Part/libopencm3-libs_and_examples/libopencm3-examples/libopencm3/lib/libopencm3_stm32f4.a(gpio_common_f0234.o)
 .group         0x0000000000000000        0xc /Part/libopencm3-libs_and_examples/libopencm3-examples/libopencm3/lib/libopencm3_stm32f4.a(gpio_common_f0234.o)
 .group         0x0000000000000000        0xc /Part/libopencm3-libs_and_examples/libopencm3-examples/libopencm3/lib/libopencm3_stm32f4.a(gpio_common_f0234.o)
 .group         0x0000000000000000        0xc /Part/libopencm3-libs_and_examples/libopencm3-examples/libopencm3/lib/libopencm3_stm32f4.a(gpio_common_f0234.o)
 .group         0x0000000000000000        0xc /Part/libopencm3-libs_and_examples/libopencm3-examples/libopencm3/lib/libopencm3_stm32f4.a(gpio_common_f0234.o)
 .group         0x0000000000000000        0xc /Part/libopencm3-libs_and_examples/libopencm3-examples/libopencm3/lib/libopencm3_stm32f4.a(gpio_common_f0234.o)
 .group         0x0000000000000000        0xc /Part/libopencm3-libs_and_examples/libopencm3-examples/libopencm3/lib/libopencm3_stm32f4.a(gpio_common_f0234.o)
 .group         0x0000000000000000        0xc /Part/libopencm3-libs_and_examples/libopencm3-examples/libopencm3/lib/libopencm3_stm32f4.a(gpio_common_f0234.o)
 .group         0x0000000000000000        0xc /Part/libopencm3-libs_and_examples/libopencm3-examples/libopencm3/lib/libopencm3_stm32f4.a(gpio_common_f0234.o)
 .text          0x0000000000000000        0x0 /Part/libopencm3-libs_and_examples/libopencm3-examples/libopencm3/lib/libopencm3_stm32f4.a(gpio_common_f0234.o)
 .data          0x0000000000000000        0x0 /Part/libopencm3-libs_and_examples/libopencm3-examples/libopencm3/lib/libopencm3_stm32f4.a(gpio_common_f0234.o)
 .bss           0x0000000000000000        0x0 /Part/libopencm3-libs_and_examples/libopencm3-examples/libopencm3/lib/libopencm3_stm32f4.a(gpio_common_f0234.o)
 .text.gpio_set_output_options
                0x0000000000000000       0x36 /Part/libopencm3-libs_and_examples/libopencm3-examples/libopencm3/lib/libopencm3_stm32f4.a(gpio_common_f0234.o)
 .text.gpio_set_af
                0x0000000000000000       0x54 /Part/libopencm3-libs_and_examples/libopencm3-examples/libopencm3/lib/libopencm3_stm32f4.a(gpio_common_f0234.o)
 .debug_macro   0x0000000000000000      0xa9c /Part/libopencm3-libs_and_examples/libopencm3-examples/libopencm3/lib/libopencm3_stm32f4.a(gpio_common_f0234.o)
 .debug_macro   0x0000000000000000       0x1c /Part/libopencm3-libs_and_examples/libopencm3-examples/libopencm3/lib/libopencm3_stm32f4.a(gpio_common_f0234.o)
 .debug_macro   0x0000000000000000      0x34e /Part/libopencm3-libs_and_examples/libopencm3-examples/libopencm3/lib/libopencm3_stm32f4.a(gpio_common_f0234.o)
 .debug_macro   0x0000000000000000       0x22 /Part/libopencm3-libs_and_examples/libopencm3-examples/libopencm3/lib/libopencm3_stm32f4.a(gpio_common_f0234.o)
 .debug_macro   0x0000000000000000       0xe8 /Part/libopencm3-libs_and_examples/libopencm3-examples/libopencm3/lib/libopencm3_stm32f4.a(gpio_common_f0234.o)
 .debug_macro   0x0000000000000000       0x76 /Part/libopencm3-libs_and_examples/libopencm3-examples/libopencm3/lib/libopencm3_stm32f4.a(gpio_common_f0234.o)
 .debug_macro   0x0000000000000000      0x280 /Part/libopencm3-libs_and_examples/libopencm3-examples/libopencm3/lib/libopencm3_stm32f4.a(gpio_common_f0234.o)
 .debug_macro   0x0000000000000000       0x76 /Part/libopencm3-libs_and_examples/libopencm3-examples/libopencm3/lib/libopencm3_stm32f4.a(gpio_common_f0234.o)
 .debug_macro   0x0000000000000000      0x37e /Part/libopencm3-libs_and_examples/libopencm3-examples/libopencm3/lib/libopencm3_stm32f4.a(gpio_common_f0234.o)
 .debug_macro   0x0000000000000000       0xca /Part/libopencm3-libs_and_examples/libopencm3-examples/libopencm3/lib/libopencm3_stm32f4.a(gpio_common_f0234.o)
 .group         0x0000000000000000        0xc /Part/libopencm3-libs_and_examples/libopencm3-examples/libopencm3/lib/libopencm3_stm32f4.a(rcc_common_all.o)
 .group         0x0000000000000000        0xc /Part/libopencm3-libs_and_examples/libopencm3-examples/libopencm3/lib/libopencm3_stm32f4.a(rcc_common_all.o)
 .group         0x0000000000000000        0xc /Part/libopencm3-libs_and_examples/libopencm3-examples/libopencm3/lib/libopencm3_stm32f4.a(rcc_common_all.o)
 .group         0x0000000000000000        0xc /Part/libopencm3-libs_and_examples/libopencm3-examples/libopencm3/lib/libopencm3_stm32f4.a(rcc_common_all.o)
 .group         0x0000000000000000        0xc /Part/libopencm3-libs_and_examples/libopencm3-examples/libopencm3/lib/libopencm3_stm32f4.a(rcc_common_all.o)
 .group         0x0000000000000000        0xc /Part/libopencm3-libs_and_examples/libopencm3-examples/libopencm3/lib/libopencm3_stm32f4.a(rcc_common_all.o)
 .group         0x0000000000000000        0xc /Part/libopencm3-libs_and_examples/libopencm3-examples/libopencm3/lib/libopencm3_stm32f4.a(rcc_common_all.o)
 .group         0x0000000000000000        0xc /Part/libopencm3-libs_and_examples/libopencm3-examples/libopencm3/lib/libopencm3_stm32f4.a(rcc_common_all.o)
 .group         0x0000000000000000        0xc /Part/libopencm3-libs_and_examples/libopencm3-examples/libopencm3/lib/libopencm3_stm32f4.a(rcc_common_all.o)
 .group         0x0000000000000000        0xc /Part/libopencm3-libs_and_examples/libopencm3-examples/libopencm3/lib/libopencm3_stm32f4.a(rcc_common_all.o)
 .text          0x0000000000000000        0x0 /Part/libopencm3-libs_and_examples/libopencm3-examples/libopencm3/lib/libopencm3_stm32f4.a(rcc_common_all.o)
 .data          0x0000000000000000        0x0 /Part/libopencm3-libs_and_examples/libopencm3-examples/libopencm3/lib/libopencm3_stm32f4.a(rcc_common_all.o)
 .bss           0x0000000000000000        0x0 /Part/libopencm3-libs_and_examples/libopencm3-examples/libopencm3/lib/libopencm3_stm32f4.a(rcc_common_all.o)
 .text.rcc_peripheral_enable_clock
                0x0000000000000000        0x8 /Part/libopencm3-libs_and_examples/libopencm3-examples/libopencm3/lib/libopencm3_stm32f4.a(rcc_common_all.o)
 .text.rcc_peripheral_disable_clock
                0x0000000000000000        0xa /Part/libopencm3-libs_and_examples/libopencm3-examples/libopencm3/lib/libopencm3_stm32f4.a(rcc_common_all.o)
 .text.rcc_peripheral_reset
                0x0000000000000000        0x8 /Part/libopencm3-libs_and_examples/libopencm3-examples/libopencm3/lib/libopencm3_stm32f4.a(rcc_common_all.o)
 .text.rcc_peripheral_clear_reset
                0x0000000000000000        0xa /Part/libopencm3-libs_and_examples/libopencm3-examples/libopencm3/lib/libopencm3_stm32f4.a(rcc_common_all.o)
 .text.rcc_periph_clock_disable
                0x0000000000000000       0x1e /Part/libopencm3-libs_and_examples/libopencm3-examples/libopencm3/lib/libopencm3_stm32f4.a(rcc_common_all.o)
 .text.rcc_periph_reset_pulse
                0x0000000000000000       0x24 /Part/libopencm3-libs_and_examples/libopencm3-examples/libopencm3/lib/libopencm3_stm32f4.a(rcc_common_all.o)
 .text.rcc_periph_reset_hold
                0x0000000000000000        0x4 /Part/libopencm3-libs_and_examples/libopencm3-examples/libopencm3/lib/libopencm3_stm32f4.a(rcc_common_all.o)
 .text.rcc_periph_reset_release
                0x0000000000000000        0x4 /Part/libopencm3-libs_and_examples/libopencm3-examples/libopencm3/lib/libopencm3_stm32f4.a(rcc_common_all.o)
 .text.rcc_set_mco
                0x0000000000000000       0x14 /Part/libopencm3-libs_and_examples/libopencm3-examples/libopencm3/lib/libopencm3_stm32f4.a(rcc_common_all.o)
 .text.rcc_osc_bypass_enable
                0x0000000000000000       0x28 /Part/libopencm3-libs_and_examples/libopencm3-examples/libopencm3/lib/libopencm3_stm32f4.a(rcc_common_all.o)
 .text.rcc_osc_bypass_disable
                0x0000000000000000       0x28 /Part/libopencm3-libs_and_examples/libopencm3-examples/libopencm3/lib/libopencm3_stm32f4.a(rcc_common_all.o)
 .text.rcc_get_div_from_hpre
                0x0000000000000000       0x1c /Part/libopencm3-libs_and_examples/libopencm3-examples/libopencm3/lib/libopencm3_stm32f4.a(rcc_common_all.o)
 .debug_macro   0x0000000000000000      0xa9c /Part/libopencm3-libs_and_examples/libopencm3-examples/libopencm3/lib/libopencm3_stm32f4.a(rcc_common_all.o)
 .debug_macro   0x0000000000000000       0x1c /Part/libopencm3-libs_and_examples/libopencm3-examples/libopencm3/lib/libopencm3_stm32f4.a(rcc_common_all.o)
 .debug_macro   0x0000000000000000      0x34e /Part/libopencm3-libs_and_examples/libopencm3-examples/libopencm3/lib/libopencm3_stm32f4.a(rcc_common_all.o)
 .debug_macro   0x0000000000000000       0x22 /Part/libopencm3-libs_and_examples/libopencm3-examples/libopencm3/lib/libopencm3_stm32f4.a(rcc_common_all.o)
 .debug_macro   0x0000000000000000       0xe8 /Part/libopencm3-libs_and_examples/libopencm3-examples/libopencm3/lib/libopencm3_stm32f4.a(rcc_common_all.o)
 .debug_macro   0x0000000000000000       0x76 /Part/libopencm3-libs_and_examples/libopencm3-examples/libopencm3/lib/libopencm3_stm32f4.a(rcc_common_all.o)
 .debug_macro   0x0000000000000000      0x280 /Part/libopencm3-libs_and_examples/libopencm3-examples/libopencm3/lib/libopencm3_stm32f4.a(rcc_common_all.o)
 .debug_macro   0x0000000000000000       0x8e /Part/libopencm3-libs_and_examples/libopencm3-examples/libopencm3/lib/libopencm3_stm32f4.a(rcc_common_all.o)
 .debug_macro   0x0000000000000000       0x46 /Part/libopencm3-libs_and_examples/libopencm3-examples/libopencm3/lib/libopencm3_stm32f4.a(rcc_common_all.o)
 .debug_macro   0x0000000000000000      0xcea /Part/libopencm3-libs_and_examples/libopencm3-examples/libopencm3/lib/libopencm3_stm32f4.a(rcc_common_all.o)
 .group         0x0000000000000000        0xc /Part/libopencm3-libs_and_examples/libopencm3-examples/libopencm3/lib/libopencm3_stm32f4.a(vector.o)
 .group         0x0000000000000000        0xc /Part/libopencm3-libs_and_examples/libopencm3-examples/libopencm3/lib/libopencm3_stm32f4.a(vector.o)
 .group         0x0000000000000000        0xc /Part/libopencm3-libs_and_examples/libopencm3-examples/libopencm3/lib/libopencm3_stm32f4.a(vector.o)
 .group         0x0000000000000000        0xc /Part/libopencm3-libs_and_examples/libopencm3-examples/libopencm3/lib/libopencm3_stm32f4.a(vector.o)
 .group         0x0000000000000000        0xc /Part/libopencm3-libs_and_examples/libopencm3-examples/libopencm3/lib/libopencm3_stm32f4.a(vector.o)
 .group         0x0000000000000000        0xc /Part/libopencm3-libs_and_examples/libopencm3-examples/libopencm3/lib/libopencm3_stm32f4.a(vector.o)
 .group         0x0000000000000000        0xc /Part/libopencm3-libs_and_examples/libopencm3-examples/libopencm3/lib/libopencm3_stm32f4.a(vector.o)
 .group         0x0000000000000000        0xc /Part/libopencm3-libs_and_examples/libopencm3-examples/libopencm3/lib/libopencm3_stm32f4.a(vector.o)
 .group         0x0000000000000000        0xc /Part/libopencm3-libs_and_examples/libopencm3-examples/libopencm3/lib/libopencm3_stm32f4.a(vector.o)
 .text          0x0000000000000000        0x0 /Part/libopencm3-libs_and_examples/libopencm3-examples/libopencm3/lib/libopencm3_stm32f4.a(vector.o)
 .data          0x0000000000000000        0x0 /Part/libopencm3-libs_and_examples/libopencm3-examples/libopencm3/lib/libopencm3_stm32f4.a(vector.o)
 .bss           0x0000000000000000        0x0 /Part/libopencm3-libs_and_examples/libopencm3-examples/libopencm3/lib/libopencm3_stm32f4.a(vector.o)
 .debug_macro   0x0000000000000000      0xa9c /Part/libopencm3-libs_and_examples/libopencm3-examples/libopencm3/lib/libopencm3_stm32f4.a(vector.o)
 .debug_macro   0x0000000000000000       0x76 /Part/libopencm3-libs_and_examples/libopencm3-examples/libopencm3/lib/libopencm3_stm32f4.a(vector.o)
 .debug_macro   0x0000000000000000       0x1c /Part/libopencm3-libs_and_examples/libopencm3-examples/libopencm3/lib/libopencm3_stm32f4.a(vector.o)
 .debug_macro   0x0000000000000000      0x34e /Part/libopencm3-libs_and_examples/libopencm3-examples/libopencm3/lib/libopencm3_stm32f4.a(vector.o)
 .debug_macro   0x0000000000000000       0x22 /Part/libopencm3-libs_and_examples/libopencm3-examples/libopencm3/lib/libopencm3_stm32f4.a(vector.o)
 .debug_macro   0x0000000000000000       0xe8 /Part/libopencm3-libs_and_examples/libopencm3-examples/libopencm3/lib/libopencm3_stm32f4.a(vector.o)

Memory Configuration

Name             Origin             Length             Attributes
ram              0x0000000020000000 0x0000000000020000 xrw
rom              0x0000000008000000 0x0000000000100000 xr
ccm              0x0000000010000000 0x0000000000010000 xrw
*default*        0x0000000000000000 0xffffffffffffffff

Linker script and memory map

LOAD miniblink.o
LOAD /Part/libopencm3-libs_and_examples/libopencm3-examples/libopencm3/lib/libopencm3_stm32f4.a
START GROUP
LOAD /usr/lib/gcc/arm-none-eabi/9.2.1/../../../arm-none-eabi/lib/thumb/v7e-m+fp/hard/libc.a
LOAD /usr/lib/gcc/arm-none-eabi/9.2.1/thumb/v7e-m+fp/hard/libgcc.a
LOAD /usr/lib/gcc/arm-none-eabi/9.2.1/../../../arm-none-eabi/lib/thumb/v7e-m+fp/hard/libnosys.a
END GROUP
START GROUP
LOAD /usr/lib/gcc/arm-none-eabi/9.2.1/thumb/v7e-m+fp/hard/libgcc.a
LOAD /usr/lib/gcc/arm-none-eabi/9.2.1/../../../arm-none-eabi/lib/thumb/v7e-m+fp/hard/libg.a
LOAD /usr/lib/gcc/arm-none-eabi/9.2.1/../../../arm-none-eabi/lib/thumb/v7e-m+fp/hard/libc.a
END GROUP

.text           0x0000000008000000      0x2f0
 *(.vectors)
 .vectors       0x0000000008000000      0x1ac /Part/libopencm3-libs_and_examples/libopencm3-examples/libopencm3/lib/libopencm3_stm32f4.a(vector.o)
                0x0000000008000000                vector_table
 *(.text*)
 .text.startup.main
                0x00000000080001ac       0x38 miniblink.o
                0x00000000080001ac                main
 .text.gpio_toggle
                0x00000000080001e4       0x12 /Part/libopencm3-libs_and_examples/libopencm3-examples/libopencm3/lib/libopencm3_stm32f4.a(gpio_common_all.o)
                0x00000000080001e4                gpio_toggle
 .text.gpio_mode_setup
                0x00000000080001f6       0x40 /Part/libopencm3-libs_and_examples/libopencm3-examples/libopencm3/lib/libopencm3_stm32f4.a(gpio_common_f0234.o)
                0x00000000080001f6                gpio_mode_setup
 .text.rcc_periph_clock_enable
                0x0000000008000236       0x1c /Part/libopencm3-libs_and_examples/libopencm3-examples/libopencm3/lib/libopencm3_stm32f4.a(rcc_common_all.o)
                0x0000000008000236                rcc_periph_clock_enable
 .text.blocking_handler
                0x0000000008000252        0x2 /Part/libopencm3-libs_and_examples/libopencm3-examples/libopencm3/lib/libopencm3_stm32f4.a(vector.o)
                0x0000000008000252                dma2_stream1_isr
                0x0000000008000252                tim8_brk_tim12_isr
                0x0000000008000252                dma1_stream7_isr
                0x0000000008000252                usart3_isr
                0x0000000008000252                tim7_isr
                0x0000000008000252                dma2d_isr
                0x0000000008000252                uart8_isr
                0x0000000008000252                dma1_stream2_isr
                0x0000000008000252                otg_hs_isr
                0x0000000008000252                blocking_handler
                0x0000000008000252                tim5_isr
                0x0000000008000252                rtc_wkup_isr
                0x0000000008000252                otg_fs_isr
                0x0000000008000252                spi1_isr
                0x0000000008000252                i2c3_er_isr
                0x0000000008000252                exti2_isr
                0x0000000008000252                spi5_isr
                0x0000000008000252                usb_fs_wkup_isr
                0x0000000008000252                tamp_stamp_isr
                0x0000000008000252                can1_rx1_isr
                0x0000000008000252                dma2_stream0_isr
                0x0000000008000252                usart1_isr
                0x0000000008000252                i2c3_ev_isr
                0x0000000008000252                usage_fault_handler
                0x0000000008000252                can2_rx0_isr
                0x0000000008000252                dma1_stream6_isr
                0x0000000008000252                can2_rx1_isr
                0x0000000008000252                can1_sce_isr
                0x0000000008000252                tim1_cc_isr
                0x0000000008000252                can1_tx_isr
                0x0000000008000252                tim1_up_tim10_isr
                0x0000000008000252                sdio_isr
                0x0000000008000252                eth_isr
                0x0000000008000252                spi6_isr
                0x0000000008000252                dma2_stream5_isr
                0x0000000008000252                pvd_isr
                0x0000000008000252                can1_rx0_isr
                0x0000000008000252                rcc_isr
                0x0000000008000252                dma2_stream3_isr
                0x0000000008000252                flash_isr
                0x0000000008000252                uart4_isr
                0x0000000008000252                lcd_tft_isr
                0x0000000008000252                rtc_alarm_isr
                0x0000000008000252                exti15_10_isr
                0x0000000008000252                hash_rng_isr
                0x0000000008000252                tim1_trg_com_tim11_isr
                0x0000000008000252                hard_fault_handler
                0x0000000008000252                exti1_isr
                0x0000000008000252                i2c1_ev_isr
                0x0000000008000252                usart6_isr
                0x0000000008000252                spi2_isr
                0x0000000008000252                cryp_isr
                0x0000000008000252                nvic_wwdg_isr
                0x0000000008000252                dma1_stream1_isr
                0x0000000008000252                dma2_stream4_isr
                0x0000000008000252                exti3_isr
                0x0000000008000252                tim3_isr
                0x0000000008000252                usart2_isr
                0x0000000008000252                sai1_isr
                0x0000000008000252                fpu_isr
                0x0000000008000252                dma1_stream4_isr
                0x0000000008000252                i2c2_er_isr
                0x0000000008000252                i2c2_ev_isr
                0x0000000008000252                uart5_isr
                0x0000000008000252                dma2_stream6_isr
                0x0000000008000252                spi4_isr
                0x0000000008000252                adc_isr
                0x0000000008000252                dma2_stream7_isr
                0x0000000008000252                tim8_up_tim13_isr
                0x0000000008000252                fsmc_isr
                0x0000000008000252                exti4_isr
                0x0000000008000252                tim6_dac_isr
                0x0000000008000252                dma1_stream3_isr
                0x0000000008000252                tim8_trg_com_tim14_isr
                0x0000000008000252                mem_manage_handler
                0x0000000008000252                lcd_tft_err_isr
                0x0000000008000252                can2_tx_isr
                0x0000000008000252                exti9_5_isr
                0x0000000008000252                tim1_brk_tim9_isr
                0x0000000008000252                uart7_isr
                0x0000000008000252                can2_sce_isr
                0x0000000008000252                tim4_isr
                0x0000000008000252                otg_hs_wkup_isr
                0x0000000008000252                i2c1_er_isr
                0x0000000008000252                dma1_stream0_isr
                0x0000000008000252                tim8_cc_isr
                0x0000000008000252                dcmi_isr
                0x0000000008000252                dma2_stream2_isr
                0x0000000008000252                eth_wkup_isr
                0x0000000008000252                bus_fault_handler
                0x0000000008000252                otg_hs_ep1_out_isr
                0x0000000008000252                spi3_isr
                0x0000000008000252                dma1_stream5_isr
                0x0000000008000252                otg_hs_ep1_in_isr
                0x0000000008000252                tim2_isr
                0x0000000008000252                exti0_isr
 .text.null_handler
                0x0000000008000254        0x2 /Part/libopencm3-libs_and_examples/libopencm3-examples/libopencm3/lib/libopencm3_stm32f4.a(vector.o)
                0x0000000008000254                null_handler
                0x0000000008000254                sv_call_handler
                0x0000000008000254                pend_sv_handler
                0x0000000008000254                debug_monitor_handler
                0x0000000008000254                sys_tick_handler
                0x0000000008000254                nmi_handler
 *fill*         0x0000000008000256        0x2 
 .text.reset_handler
                0x0000000008000258       0x98 /Part/libopencm3-libs_and_examples/libopencm3-examples/libopencm3/lib/libopencm3_stm32f4.a(vector.o)
                0x0000000008000258                reset_handler
                0x00000000080002f0                . = ALIGN (0x4)
 *(.rodata*)
                0x00000000080002f0                . = ALIGN (0x4)

.glue_7         0x00000000080002f0        0x0
 .glue_7        0x00000000080002f0        0x0 linker stubs

.glue_7t        0x00000000080002f0        0x0
 .glue_7t       0x00000000080002f0        0x0 linker stubs

.vfp11_veneer   0x00000000080002f0        0x0
 .vfp11_veneer  0x00000000080002f0        0x0 linker stubs

.v4_bx          0x00000000080002f0        0x0
 .v4_bx         0x00000000080002f0        0x0 linker stubs

.iplt           0x00000000080002f0        0x0
 .iplt          0x00000000080002f0        0x0 miniblink.o

.rel.dyn        0x00000000080002f0        0x0
 .rel.iplt      0x00000000080002f0        0x0 miniblink.o

.preinit_array  0x00000000080002f0        0x0
                0x00000000080002f0                . = ALIGN (0x4)
                0x00000000080002f0                __preinit_array_start = .
 *(.preinit_array)
                0x00000000080002f0                __preinit_array_end = .

.init_array     0x00000000080002f0        0x0
                0x00000000080002f0                . = ALIGN (0x4)
                0x00000000080002f0                __init_array_start = .
 *(SORT_BY_NAME(.init_array.*))
 *(.init_array)
                0x00000000080002f0                __init_array_end = .

.fini_array     0x00000000080002f0        0x0
                0x00000000080002f0                . = ALIGN (0x4)
                0x00000000080002f0                __fini_array_start = .
 *(.fini_array)
 *(SORT_BY_NAME(.fini_array.*))
                0x00000000080002f0                __fini_array_end = .

.ARM.extab
 *(.ARM.extab*)

.ARM.exidx      0x00000000080002f0        0x0
                0x00000000080002f0                __exidx_start = .
 *(.ARM.exidx*)
                0x00000000080002f0                __exidx_end = .
                0x00000000080002f0                . = ALIGN (0x4)
                0x00000000080002f0                _etext = .

.noinit
 *(.noinit*)
                0x00000000080002f0                . = ALIGN (0x4)

.data           0x0000000020000000        0x0 load address 0x00000000080002f0
                0x0000000020000000                _data = .
 *(.data*)
 *(.ramtext*)
                0x0000000020000000                . = ALIGN (0x4)
                0x0000000020000000                _edata = .
                0x00000000080002f0                _data_loadaddr = LOADADDR (.data)

.igot.plt       0x0000000020000000        0x0 load address 0x00000000080002f0
 .igot.plt      0x0000000020000000        0x0 miniblink.o

.bss            0x0000000020000000        0x0 load address 0x00000000080002f0
 *(.bss*)
 *(COMMON)
                0x0000000020000000                . = ALIGN (0x4)
                0x0000000020000000                _ebss = .

.ccm            0x0000000010000000        0x0
                0x0000000010000000                _ccm = .
 *(.ccmram*)
                0x0000000010000000                . = ALIGN (0x4)
                0x0000000010000000                _eccm = .

/DISCARD/
 *(.eh_frame)
                0x0000000010000000                . = ALIGN (0x4)
                0x0000000010000000                end = .
                0x0000000020020000                PROVIDE (_stack = (ORIGIN (ram) + LENGTH (ram)))
OUTPUT(miniblink.elf elf32-littlearm)
LOAD linker stubs

.debug_info     0x0000000000000000     0x1923
 .debug_info    0x0000000000000000      0x716 miniblink.o
 .debug_info    0x0000000000000716      0x24e /Part/libopencm3-libs_and_examples/libopencm3-examples/libopencm3/lib/libopencm3_stm32f4.a(gpio_common_all.o)
 .debug_info    0x0000000000000964      0x20f /Part/libopencm3-libs_and_examples/libopencm3-examples/libopencm3/lib/libopencm3_stm32f4.a(gpio_common_f0234.o)
 .debug_info    0x0000000000000b73      0xaca /Part/libopencm3-libs_and_examples/libopencm3-examples/libopencm3/lib/libopencm3_stm32f4.a(rcc_common_all.o)
 .debug_info    0x000000000000163d      0x2e6 /Part/libopencm3-libs_and_examples/libopencm3-examples/libopencm3/lib/libopencm3_stm32f4.a(vector.o)

.debug_abbrev   0x0000000000000000      0x673
 .debug_abbrev  0x0000000000000000      0x169 miniblink.o
 .debug_abbrev  0x0000000000000169      0x116 /Part/libopencm3-libs_and_examples/libopencm3-examples/libopencm3/lib/libopencm3_stm32f4.a(gpio_common_all.o)
 .debug_abbrev  0x000000000000027f       0xbf /Part/libopencm3-libs_and_examples/libopencm3-examples/libopencm3/lib/libopencm3_stm32f4.a(gpio_common_f0234.o)
 .debug_abbrev  0x000000000000033e      0x1da /Part/libopencm3-libs_and_examples/libopencm3-examples/libopencm3/lib/libopencm3_stm32f4.a(rcc_common_all.o)
 .debug_abbrev  0x0000000000000518      0x15b /Part/libopencm3-libs_and_examples/libopencm3-examples/libopencm3/lib/libopencm3_stm32f4.a(vector.o)

.debug_loc      0x0000000000000000      0x4a8
 .debug_loc     0x0000000000000000       0x55 miniblink.o
 .debug_loc     0x0000000000000055       0xbe /Part/libopencm3-libs_and_examples/libopencm3-examples/libopencm3/lib/libopencm3_stm32f4.a(gpio_common_all.o)
 .debug_loc     0x0000000000000113      0x14d /Part/libopencm3-libs_and_examples/libopencm3-examples/libopencm3/lib/libopencm3_stm32f4.a(gpio_common_f0234.o)
 .debug_loc     0x0000000000000260      0x120 /Part/libopencm3-libs_and_examples/libopencm3-examples/libopencm3/lib/libopencm3_stm32f4.a(rcc_common_all.o)
 .debug_loc     0x0000000000000380      0x128 /Part/libopencm3-libs_and_examples/libopencm3-examples/libopencm3/lib/libopencm3_stm32f4.a(vector.o)

.debug_aranges  0x0000000000000000      0x130
 .debug_aranges
                0x0000000000000000       0x20 miniblink.o
 .debug_aranges
                0x0000000000000020       0x50 /Part/libopencm3-libs_and_examples/libopencm3-examples/libopencm3/lib/libopencm3_stm32f4.a(gpio_common_all.o)
 .debug_aranges
                0x0000000000000070       0x30 /Part/libopencm3-libs_and_examples/libopencm3-examples/libopencm3/lib/libopencm3_stm32f4.a(gpio_common_f0234.o)
 .debug_aranges
                0x00000000000000a0       0x60 /Part/libopencm3-libs_and_examples/libopencm3-examples/libopencm3/lib/libopencm3_stm32f4.a(rcc_common_all.o)
 .debug_aranges
                0x0000000000000100       0x30 /Part/libopencm3-libs_and_examples/libopencm3-examples/libopencm3/lib/libopencm3_stm32f4.a(vector.o)

.debug_ranges   0x0000000000000000      0x100
 .debug_ranges  0x0000000000000000       0x30 miniblink.o
 .debug_ranges  0x0000000000000030       0x40 /Part/libopencm3-libs_and_examples/libopencm3-examples/libopencm3/lib/libopencm3_stm32f4.a(gpio_common_all.o)
 .debug_ranges  0x0000000000000070       0x20 /Part/libopencm3-libs_and_examples/libopencm3-examples/libopencm3/lib/libopencm3_stm32f4.a(gpio_common_f0234.o)
 .debug_ranges  0x0000000000000090       0x50 /Part/libopencm3-libs_and_examples/libopencm3-examples/libopencm3/lib/libopencm3_stm32f4.a(rcc_common_all.o)
 .debug_ranges  0x00000000000000e0       0x20 /Part/libopencm3-libs_and_examples/libopencm3-examples/libopencm3/lib/libopencm3_stm32f4.a(vector.o)

.debug_macro    0x0000000000000000     0x3919
 .debug_macro   0x0000000000000000       0xc2 miniblink.o
 .debug_macro   0x00000000000000c2      0xaa8 miniblink.o
 .debug_macro   0x0000000000000b6a       0x1c miniblink.o
 .debug_macro   0x0000000000000b86      0x34e miniblink.o
 .debug_macro   0x0000000000000ed4       0x22 miniblink.o
 .debug_macro   0x0000000000000ef6       0xe8 miniblink.o
 .debug_macro   0x0000000000000fde       0x76 miniblink.o
 .debug_macro   0x0000000000001054      0x280 miniblink.o
 .debug_macro   0x00000000000012d4       0x8e miniblink.o
 .debug_macro   0x0000000000001362       0x46 miniblink.o
 .debug_macro   0x00000000000013a8      0xcea miniblink.o
 .debug_macro   0x0000000000002092       0x76 miniblink.o
 .debug_macro   0x0000000000002108      0x37e miniblink.o
 .debug_macro   0x0000000000002486       0xca miniblink.o
 .debug_macro   0x0000000000002550       0x88 /Part/libopencm3-libs_and_examples/libopencm3-examples/libopencm3/lib/libopencm3_stm32f4.a(gpio_common_all.o)
 .debug_macro   0x00000000000025d8      0xa9c /Part/libopencm3-libs_and_examples/libopencm3-examples/libopencm3/lib/libopencm3_stm32f4.a(gpio_common_all.o)
 .debug_macro   0x0000000000003074       0x88 /Part/libopencm3-libs_and_examples/libopencm3-examples/libopencm3/lib/libopencm3_stm32f4.a(gpio_common_f0234.o)
 .debug_macro   0x00000000000030fc       0xa7 /Part/libopencm3-libs_and_examples/libopencm3-examples/libopencm3/lib/libopencm3_stm32f4.a(rcc_common_all.o)
 .debug_macro   0x00000000000031a3       0x8a /Part/libopencm3-libs_and_examples/libopencm3-examples/libopencm3/lib/libopencm3_stm32f4.a(vector.o)
 .debug_macro   0x000000000000322d      0x452 /Part/libopencm3-libs_and_examples/libopencm3-examples/libopencm3/lib/libopencm3_stm32f4.a(vector.o)
 .debug_macro   0x000000000000367f       0x6e /Part/libopencm3-libs_and_examples/libopencm3-examples/libopencm3/lib/libopencm3_stm32f4.a(vector.o)
 .debug_macro   0x00000000000036ed      0x22c /Part/libopencm3-libs_and_examples/libopencm3-examples/libopencm3/lib/libopencm3_stm32f4.a(vector.o)

.debug_line     0x0000000000000000      0xf69
 .debug_line    0x0000000000000000      0x323 miniblink.o
 .debug_line    0x0000000000000323      0x2a5 /Part/libopencm3-libs_and_examples/libopencm3-examples/libopencm3/lib/libopencm3_stm32f4.a(gpio_common_all.o)
 .debug_line    0x00000000000005c8      0x374 /Part/libopencm3-libs_and_examples/libopencm3-examples/libopencm3/lib/libopencm3_stm32f4.a(gpio_common_f0234.o)
 .debug_line    0x000000000000093c      0x30c /Part/libopencm3-libs_and_examples/libopencm3-examples/libopencm3/lib/libopencm3_stm32f4.a(rcc_common_all.o)
 .debug_line    0x0000000000000c48      0x321 /Part/libopencm3-libs_and_examples/libopencm3-examples/libopencm3/lib/libopencm3_stm32f4.a(vector.o)

.debug_str      0x0000000000000000     0xd865
 .debug_str     0x0000000000000000     0xa591 miniblink.o
                                       0xa72a (size before relaxing)
 .debug_str     0x000000000000a591       0xd2 /Part/libopencm3-libs_and_examples/libopencm3-examples/libopencm3/lib/libopencm3_stm32f4.a(gpio_common_all.o)
                                       0x62b9 (size before relaxing)
 .debug_str     0x000000000000a663       0x8a /Part/libopencm3-libs_and_examples/libopencm3-examples/libopencm3/lib/libopencm3_stm32f4.a(gpio_common_f0234.o)
                                       0x62d1 (size before relaxing)
 .debug_str     0x000000000000a6ed      0x475 /Part/libopencm3-libs_and_examples/libopencm3-examples/libopencm3/lib/libopencm3_stm32f4.a(rcc_common_all.o)
                                       0x97b8 (size before relaxing)
 .debug_str     0x000000000000ab62     0x2d03 /Part/libopencm3-libs_and_examples/libopencm3-examples/libopencm3/lib/libopencm3_stm32f4.a(vector.o)
                                       0x6b75 (size before relaxing)

.comment        0x0000000000000000       0x59
 .comment       0x0000000000000000       0x59 miniblink.o
                                         0x5a (size before relaxing)
 .comment       0x0000000000000059       0x5a /Part/libopencm3-libs_and_examples/libopencm3-examples/libopencm3/lib/libopencm3_stm32f4.a(gpio_common_all.o)
 .comment       0x0000000000000059       0x5a /Part/libopencm3-libs_and_examples/libopencm3-examples/libopencm3/lib/libopencm3_stm32f4.a(gpio_common_f0234.o)
 .comment       0x0000000000000059       0x5a /Part/libopencm3-libs_and_examples/libopencm3-examples/libopencm3/lib/libopencm3_stm32f4.a(rcc_common_all.o)
 .comment       0x0000000000000059       0x5a /Part/libopencm3-libs_and_examples/libopencm3-examples/libopencm3/lib/libopencm3_stm32f4.a(vector.o)

.ARM.attributes
                0x0000000000000000       0x34
 .ARM.attributes
                0x0000000000000000       0x34 miniblink.o
 .ARM.attributes
                0x0000000000000034       0x34 /Part/libopencm3-libs_and_examples/libopencm3-examples/libopencm3/lib/libopencm3_stm32f4.a(gpio_common_all.o)
 .ARM.attributes
                0x0000000000000068       0x34 /Part/libopencm3-libs_and_examples/libopencm3-examples/libopencm3/lib/libopencm3_stm32f4.a(gpio_common_f0234.o)
 .ARM.attributes
                0x000000000000009c       0x34 /Part/libopencm3-libs_and_examples/libopencm3-examples/libopencm3/lib/libopencm3_stm32f4.a(rcc_common_all.o)
 .ARM.attributes
                0x00000000000000d0       0x34 /Part/libopencm3-libs_and_examples/libopencm3-examples/libopencm3/lib/libopencm3_stm32f4.a(vector.o)

.debug_frame    0x0000000000000000      0x244
 .debug_frame   0x0000000000000000       0x28 miniblink.o
 .debug_frame   0x0000000000000028       0x80 /Part/libopencm3-libs_and_examples/libopencm3-examples/libopencm3/lib/libopencm3_stm32f4.a(gpio_common_all.o)
 .debug_frame   0x00000000000000a8       0x70 /Part/libopencm3-libs_and_examples/libopencm3-examples/libopencm3/lib/libopencm3_stm32f4.a(gpio_common_f0234.o)
 .debug_frame   0x0000000000000118       0xe0 /Part/libopencm3-libs_and_examples/libopencm3-examples/libopencm3/lib/libopencm3_stm32f4.a(rcc_common_all.o)
 .debug_frame   0x00000000000001f8       0x4c /Part/libopencm3-libs_and_examples/libopencm3-examples/libopencm3/lib/libopencm3_stm32f4.a(vector.o)

Cross Reference Table

Symbol                                            File
__fini_array_end                                  /Part/libopencm3-libs_and_examples/libopencm3-examples/libopencm3/lib/libopencm3_stm32f4.a(vector.o)
__fini_array_start                                /Part/libopencm3-libs_and_examples/libopencm3-examples/libopencm3/lib/libopencm3_stm32f4.a(vector.o)
__init_array_end                                  /Part/libopencm3-libs_and_examples/libopencm3-examples/libopencm3/lib/libopencm3_stm32f4.a(vector.o)
__init_array_start                                /Part/libopencm3-libs_and_examples/libopencm3-examples/libopencm3/lib/libopencm3_stm32f4.a(vector.o)
__preinit_array_end                               /Part/libopencm3-libs_and_examples/libopencm3-examples/libopencm3/lib/libopencm3_stm32f4.a(vector.o)
__preinit_array_start                             /Part/libopencm3-libs_and_examples/libopencm3-examples/libopencm3/lib/libopencm3_stm32f4.a(vector.o)
_data                                             /Part/libopencm3-libs_and_examples/libopencm3-examples/libopencm3/lib/libopencm3_stm32f4.a(vector.o)
_data_loadaddr                                    /Part/libopencm3-libs_and_examples/libopencm3-examples/libopencm3/lib/libopencm3_stm32f4.a(vector.o)
_ebss                                             /Part/libopencm3-libs_and_examples/libopencm3-examples/libopencm3/lib/libopencm3_stm32f4.a(vector.o)
_edata                                            /Part/libopencm3-libs_and_examples/libopencm3-examples/libopencm3/lib/libopencm3_stm32f4.a(vector.o)
_stack                                            /Part/libopencm3-libs_and_examples/libopencm3-examples/libopencm3/lib/libopencm3_stm32f4.a(vector.o)
adc_isr                                           /Part/libopencm3-libs_and_examples/libopencm3-examples/libopencm3/lib/libopencm3_stm32f4.a(vector.o)
blocking_handler                                  /Part/libopencm3-libs_and_examples/libopencm3-examples/libopencm3/lib/libopencm3_stm32f4.a(vector.o)
bus_fault_handler                                 /Part/libopencm3-libs_and_examples/libopencm3-examples/libopencm3/lib/libopencm3_stm32f4.a(vector.o)
can1_rx0_isr                                      /Part/libopencm3-libs_and_examples/libopencm3-examples/libopencm3/lib/libopencm3_stm32f4.a(vector.o)
can1_rx1_isr                                      /Part/libopencm3-libs_and_examples/libopencm3-examples/libopencm3/lib/libopencm3_stm32f4.a(vector.o)
can1_sce_isr                                      /Part/libopencm3-libs_and_examples/libopencm3-examples/libopencm3/lib/libopencm3_stm32f4.a(vector.o)
can1_tx_isr                                       /Part/libopencm3-libs_and_examples/libopencm3-examples/libopencm3/lib/libopencm3_stm32f4.a(vector.o)
can2_rx0_isr                                      /Part/libopencm3-libs_and_examples/libopencm3-examples/libopencm3/lib/libopencm3_stm32f4.a(vector.o)
can2_rx1_isr                                      /Part/libopencm3-libs_and_examples/libopencm3-examples/libopencm3/lib/libopencm3_stm32f4.a(vector.o)
can2_sce_isr                                      /Part/libopencm3-libs_and_examples/libopencm3-examples/libopencm3/lib/libopencm3_stm32f4.a(vector.o)
can2_tx_isr                                       /Part/libopencm3-libs_and_examples/libopencm3-examples/libopencm3/lib/libopencm3_stm32f4.a(vector.o)
cryp_isr                                          /Part/libopencm3-libs_and_examples/libopencm3-examples/libopencm3/lib/libopencm3_stm32f4.a(vector.o)
dcmi_isr                                          /Part/libopencm3-libs_and_examples/libopencm3-examples/libopencm3/lib/libopencm3_stm32f4.a(vector.o)
debug_monitor_handler                             /Part/libopencm3-libs_and_examples/libopencm3-examples/libopencm3/lib/libopencm3_stm32f4.a(vector.o)
dma1_stream0_isr                                  /Part/libopencm3-libs_and_examples/libopencm3-examples/libopencm3/lib/libopencm3_stm32f4.a(vector.o)
dma1_stream1_isr                                  /Part/libopencm3-libs_and_examples/libopencm3-examples/libopencm3/lib/libopencm3_stm32f4.a(vector.o)
dma1_stream2_isr                                  /Part/libopencm3-libs_and_examples/libopencm3-examples/libopencm3/lib/libopencm3_stm32f4.a(vector.o)
dma1_stream3_isr                                  /Part/libopencm3-libs_and_examples/libopencm3-examples/libopencm3/lib/libopencm3_stm32f4.a(vector.o)
dma1_stream4_isr                                  /Part/libopencm3-libs_and_examples/libopencm3-examples/libopencm3/lib/libopencm3_stm32f4.a(vector.o)
dma1_stream5_isr                                  /Part/libopencm3-libs_and_examples/libopencm3-examples/libopencm3/lib/libopencm3_stm32f4.a(vector.o)
dma1_stream6_isr                                  /Part/libopencm3-libs_and_examples/libopencm3-examples/libopencm3/lib/libopencm3_stm32f4.a(vector.o)
dma1_stream7_isr                                  /Part/libopencm3-libs_and_examples/libopencm3-examples/libopencm3/lib/libopencm3_stm32f4.a(vector.o)
dma2_stream0_isr                                  /Part/libopencm3-libs_and_examples/libopencm3-examples/libopencm3/lib/libopencm3_stm32f4.a(vector.o)
dma2_stream1_isr                                  /Part/libopencm3-libs_and_examples/libopencm3-examples/libopencm3/lib/libopencm3_stm32f4.a(vector.o)
dma2_stream2_isr                                  /Part/libopencm3-libs_and_examples/libopencm3-examples/libopencm3/lib/libopencm3_stm32f4.a(vector.o)
dma2_stream3_isr                                  /Part/libopencm3-libs_and_examples/libopencm3-examples/libopencm3/lib/libopencm3_stm32f4.a(vector.o)
dma2_stream4_isr                                  /Part/libopencm3-libs_and_examples/libopencm3-examples/libopencm3/lib/libopencm3_stm32f4.a(vector.o)
dma2_stream5_isr                                  /Part/libopencm3-libs_and_examples/libopencm3-examples/libopencm3/lib/libopencm3_stm32f4.a(vector.o)
dma2_stream6_isr                                  /Part/libopencm3-libs_and_examples/libopencm3-examples/libopencm3/lib/libopencm3_stm32f4.a(vector.o)
dma2_stream7_isr                                  /Part/libopencm3-libs_and_examples/libopencm3-examples/libopencm3/lib/libopencm3_stm32f4.a(vector.o)
dma2d_isr                                         /Part/libopencm3-libs_and_examples/libopencm3-examples/libopencm3/lib/libopencm3_stm32f4.a(vector.o)
eth_isr                                           /Part/libopencm3-libs_and_examples/libopencm3-examples/libopencm3/lib/libopencm3_stm32f4.a(vector.o)
eth_wkup_isr                                      /Part/libopencm3-libs_and_examples/libopencm3-examples/libopencm3/lib/libopencm3_stm32f4.a(vector.o)
exti0_isr                                         /Part/libopencm3-libs_and_examples/libopencm3-examples/libopencm3/lib/libopencm3_stm32f4.a(vector.o)
exti15_10_isr                                     /Part/libopencm3-libs_and_examples/libopencm3-examples/libopencm3/lib/libopencm3_stm32f4.a(vector.o)
exti1_isr                                         /Part/libopencm3-libs_and_examples/libopencm3-examples/libopencm3/lib/libopencm3_stm32f4.a(vector.o)
exti2_isr                                         /Part/libopencm3-libs_and_examples/libopencm3-examples/libopencm3/lib/libopencm3_stm32f4.a(vector.o)
exti3_isr                                         /Part/libopencm3-libs_and_examples/libopencm3-examples/libopencm3/lib/libopencm3_stm32f4.a(vector.o)
exti4_isr                                         /Part/libopencm3-libs_and_examples/libopencm3-examples/libopencm3/lib/libopencm3_stm32f4.a(vector.o)
exti9_5_isr                                       /Part/libopencm3-libs_and_examples/libopencm3-examples/libopencm3/lib/libopencm3_stm32f4.a(vector.o)
flash_isr                                         /Part/libopencm3-libs_and_examples/libopencm3-examples/libopencm3/lib/libopencm3_stm32f4.a(vector.o)
fpu_isr                                           /Part/libopencm3-libs_and_examples/libopencm3-examples/libopencm3/lib/libopencm3_stm32f4.a(vector.o)
fsmc_isr                                          /Part/libopencm3-libs_and_examples/libopencm3-examples/libopencm3/lib/libopencm3_stm32f4.a(vector.o)
gpio_clear                                        /Part/libopencm3-libs_and_examples/libopencm3-examples/libopencm3/lib/libopencm3_stm32f4.a(gpio_common_all.o)
gpio_get                                          /Part/libopencm3-libs_and_examples/libopencm3-examples/libopencm3/lib/libopencm3_stm32f4.a(gpio_common_all.o)
gpio_mode_setup                                   /Part/libopencm3-libs_and_examples/libopencm3-examples/libopencm3/lib/libopencm3_stm32f4.a(gpio_common_f0234.o)
                                                  miniblink.o
gpio_port_config_lock                             /Part/libopencm3-libs_and_examples/libopencm3-examples/libopencm3/lib/libopencm3_stm32f4.a(gpio_common_all.o)
gpio_port_read                                    /Part/libopencm3-libs_and_examples/libopencm3-examples/libopencm3/lib/libopencm3_stm32f4.a(gpio_common_all.o)
gpio_port_write                                   /Part/libopencm3-libs_and_examples/libopencm3-examples/libopencm3/lib/libopencm3_stm32f4.a(gpio_common_all.o)
gpio_set                                          /Part/libopencm3-libs_and_examples/libopencm3-examples/libopencm3/lib/libopencm3_stm32f4.a(gpio_common_all.o)
gpio_set_af                                       /Part/libopencm3-libs_and_examples/libopencm3-examples/libopencm3/lib/libopencm3_stm32f4.a(gpio_common_f0234.o)
gpio_set_output_options                           /Part/libopencm3-libs_and_examples/libopencm3-examples/libopencm3/lib/libopencm3_stm32f4.a(gpio_common_f0234.o)
gpio_toggle                                       /Part/libopencm3-libs_and_examples/libopencm3-examples/libopencm3/lib/libopencm3_stm32f4.a(gpio_common_all.o)
                                                  miniblink.o
hard_fault_handler                                /Part/libopencm3-libs_and_examples/libopencm3-examples/libopencm3/lib/libopencm3_stm32f4.a(vector.o)
hash_rng_isr                                      /Part/libopencm3-libs_and_examples/libopencm3-examples/libopencm3/lib/libopencm3_stm32f4.a(vector.o)
i2c1_er_isr                                       /Part/libopencm3-libs_and_examples/libopencm3-examples/libopencm3/lib/libopencm3_stm32f4.a(vector.o)
i2c1_ev_isr                                       /Part/libopencm3-libs_and_examples/libopencm3-examples/libopencm3/lib/libopencm3_stm32f4.a(vector.o)
i2c2_er_isr                                       /Part/libopencm3-libs_and_examples/libopencm3-examples/libopencm3/lib/libopencm3_stm32f4.a(vector.o)
i2c2_ev_isr                                       /Part/libopencm3-libs_and_examples/libopencm3-examples/libopencm3/lib/libopencm3_stm32f4.a(vector.o)
i2c3_er_isr                                       /Part/libopencm3-libs_and_examples/libopencm3-examples/libopencm3/lib/libopencm3_stm32f4.a(vector.o)
i2c3_ev_isr                                       /Part/libopencm3-libs_and_examples/libopencm3-examples/libopencm3/lib/libopencm3_stm32f4.a(vector.o)
lcd_tft_err_isr                                   /Part/libopencm3-libs_and_examples/libopencm3-examples/libopencm3/lib/libopencm3_stm32f4.a(vector.o)
lcd_tft_isr                                       /Part/libopencm3-libs_and_examples/libopencm3-examples/libopencm3/lib/libopencm3_stm32f4.a(vector.o)
main                                              miniblink.o
                                                  /Part/libopencm3-libs_and_examples/libopencm3-examples/libopencm3/lib/libopencm3_stm32f4.a(vector.o)
mem_manage_handler                                /Part/libopencm3-libs_and_examples/libopencm3-examples/libopencm3/lib/libopencm3_stm32f4.a(vector.o)
nmi_handler                                       /Part/libopencm3-libs_and_examples/libopencm3-examples/libopencm3/lib/libopencm3_stm32f4.a(vector.o)
null_handler                                      /Part/libopencm3-libs_and_examples/libopencm3-examples/libopencm3/lib/libopencm3_stm32f4.a(vector.o)
nvic_wwdg_isr                                     /Part/libopencm3-libs_and_examples/libopencm3-examples/libopencm3/lib/libopencm3_stm32f4.a(vector.o)
otg_fs_isr                                        /Part/libopencm3-libs_and_examples/libopencm3-examples/libopencm3/lib/libopencm3_stm32f4.a(vector.o)
otg_hs_ep1_in_isr                                 /Part/libopencm3-libs_and_examples/libopencm3-examples/libopencm3/lib/libopencm3_stm32f4.a(vector.o)
otg_hs_ep1_out_isr                                /Part/libopencm3-libs_and_examples/libopencm3-examples/libopencm3/lib/libopencm3_stm32f4.a(vector.o)
otg_hs_isr                                        /Part/libopencm3-libs_and_examples/libopencm3-examples/libopencm3/lib/libopencm3_stm32f4.a(vector.o)
otg_hs_wkup_isr                                   /Part/libopencm3-libs_and_examples/libopencm3-examples/libopencm3/lib/libopencm3_stm32f4.a(vector.o)
pend_sv_handler                                   /Part/libopencm3-libs_and_examples/libopencm3-examples/libopencm3/lib/libopencm3_stm32f4.a(vector.o)
pvd_isr                                           /Part/libopencm3-libs_and_examples/libopencm3-examples/libopencm3/lib/libopencm3_stm32f4.a(vector.o)
rcc_get_div_from_hpre                             /Part/libopencm3-libs_and_examples/libopencm3-examples/libopencm3/lib/libopencm3_stm32f4.a(rcc_common_all.o)
rcc_isr                                           /Part/libopencm3-libs_and_examples/libopencm3-examples/libopencm3/lib/libopencm3_stm32f4.a(vector.o)
rcc_osc_bypass_disable                            /Part/libopencm3-libs_and_examples/libopencm3-examples/libopencm3/lib/libopencm3_stm32f4.a(rcc_common_all.o)
rcc_osc_bypass_enable                             /Part/libopencm3-libs_and_examples/libopencm3-examples/libopencm3/lib/libopencm3_stm32f4.a(rcc_common_all.o)
rcc_periph_clock_disable                          /Part/libopencm3-libs_and_examples/libopencm3-examples/libopencm3/lib/libopencm3_stm32f4.a(rcc_common_all.o)
rcc_periph_clock_enable                           /Part/libopencm3-libs_and_examples/libopencm3-examples/libopencm3/lib/libopencm3_stm32f4.a(rcc_common_all.o)
                                                  miniblink.o
rcc_periph_reset_hold                             /Part/libopencm3-libs_and_examples/libopencm3-examples/libopencm3/lib/libopencm3_stm32f4.a(rcc_common_all.o)
rcc_periph_reset_pulse                            /Part/libopencm3-libs_and_examples/libopencm3-examples/libopencm3/lib/libopencm3_stm32f4.a(rcc_common_all.o)
rcc_periph_reset_release                          /Part/libopencm3-libs_and_examples/libopencm3-examples/libopencm3/lib/libopencm3_stm32f4.a(rcc_common_all.o)
rcc_peripheral_clear_reset                        /Part/libopencm3-libs_and_examples/libopencm3-examples/libopencm3/lib/libopencm3_stm32f4.a(rcc_common_all.o)
rcc_peripheral_disable_clock                      /Part/libopencm3-libs_and_examples/libopencm3-examples/libopencm3/lib/libopencm3_stm32f4.a(rcc_common_all.o)
rcc_peripheral_enable_clock                       /Part/libopencm3-libs_and_examples/libopencm3-examples/libopencm3/lib/libopencm3_stm32f4.a(rcc_common_all.o)
rcc_peripheral_reset                              /Part/libopencm3-libs_and_examples/libopencm3-examples/libopencm3/lib/libopencm3_stm32f4.a(rcc_common_all.o)
rcc_set_mco                                       /Part/libopencm3-libs_and_examples/libopencm3-examples/libopencm3/lib/libopencm3_stm32f4.a(rcc_common_all.o)
reset_handler                                     /Part/libopencm3-libs_and_examples/libopencm3-examples/libopencm3/lib/libopencm3_stm32f4.a(vector.o)
rtc_alarm_isr                                     /Part/libopencm3-libs_and_examples/libopencm3-examples/libopencm3/lib/libopencm3_stm32f4.a(vector.o)
rtc_wkup_isr                                      /Part/libopencm3-libs_and_examples/libopencm3-examples/libopencm3/lib/libopencm3_stm32f4.a(vector.o)
sai1_isr                                          /Part/libopencm3-libs_and_examples/libopencm3-examples/libopencm3/lib/libopencm3_stm32f4.a(vector.o)
sdio_isr                                          /Part/libopencm3-libs_and_examples/libopencm3-examples/libopencm3/lib/libopencm3_stm32f4.a(vector.o)
spi1_isr                                          /Part/libopencm3-libs_and_examples/libopencm3-examples/libopencm3/lib/libopencm3_stm32f4.a(vector.o)
spi2_isr                                          /Part/libopencm3-libs_and_examples/libopencm3-examples/libopencm3/lib/libopencm3_stm32f4.a(vector.o)
spi3_isr                                          /Part/libopencm3-libs_and_examples/libopencm3-examples/libopencm3/lib/libopencm3_stm32f4.a(vector.o)
spi4_isr                                          /Part/libopencm3-libs_and_examples/libopencm3-examples/libopencm3/lib/libopencm3_stm32f4.a(vector.o)
spi5_isr                                          /Part/libopencm3-libs_and_examples/libopencm3-examples/libopencm3/lib/libopencm3_stm32f4.a(vector.o)
spi6_isr                                          /Part/libopencm3-libs_and_examples/libopencm3-examples/libopencm3/lib/libopencm3_stm32f4.a(vector.o)
sv_call_handler                                   /Part/libopencm3-libs_and_examples/libopencm3-examples/libopencm3/lib/libopencm3_stm32f4.a(vector.o)
sys_tick_handler                                  /Part/libopencm3-libs_and_examples/libopencm3-examples/libopencm3/lib/libopencm3_stm32f4.a(vector.o)
tamp_stamp_isr                                    /Part/libopencm3-libs_and_examples/libopencm3-examples/libopencm3/lib/libopencm3_stm32f4.a(vector.o)
tim1_brk_tim9_isr                                 /Part/libopencm3-libs_and_examples/libopencm3-examples/libopencm3/lib/libopencm3_stm32f4.a(vector.o)
tim1_cc_isr                                       /Part/libopencm3-libs_and_examples/libopencm3-examples/libopencm3/lib/libopencm3_stm32f4.a(vector.o)
tim1_trg_com_tim11_isr                            /Part/libopencm3-libs_and_examples/libopencm3-examples/libopencm3/lib/libopencm3_stm32f4.a(vector.o)
tim1_up_tim10_isr                                 /Part/libopencm3-libs_and_examples/libopencm3-examples/libopencm3/lib/libopencm3_stm32f4.a(vector.o)
tim2_isr                                          /Part/libopencm3-libs_and_examples/libopencm3-examples/libopencm3/lib/libopencm3_stm32f4.a(vector.o)
tim3_isr                                          /Part/libopencm3-libs_and_examples/libopencm3-examples/libopencm3/lib/libopencm3_stm32f4.a(vector.o)
tim4_isr                                          /Part/libopencm3-libs_and_examples/libopencm3-examples/libopencm3/lib/libopencm3_stm32f4.a(vector.o)
tim5_isr                                          /Part/libopencm3-libs_and_examples/libopencm3-examples/libopencm3/lib/libopencm3_stm32f4.a(vector.o)
tim6_dac_isr                                      /Part/libopencm3-libs_and_examples/libopencm3-examples/libopencm3/lib/libopencm3_stm32f4.a(vector.o)
tim7_isr                                          /Part/libopencm3-libs_and_examples/libopencm3-examples/libopencm3/lib/libopencm3_stm32f4.a(vector.o)
tim8_brk_tim12_isr                                /Part/libopencm3-libs_and_examples/libopencm3-examples/libopencm3/lib/libopencm3_stm32f4.a(vector.o)
tim8_cc_isr                                       /Part/libopencm3-libs_and_examples/libopencm3-examples/libopencm3/lib/libopencm3_stm32f4.a(vector.o)
tim8_trg_com_tim14_isr                            /Part/libopencm3-libs_and_examples/libopencm3-examples/libopencm3/lib/libopencm3_stm32f4.a(vector.o)
tim8_up_tim13_isr                                 /Part/libopencm3-libs_and_examples/libopencm3-examples/libopencm3/lib/libopencm3_stm32f4.a(vector.o)
uart4_isr                                         /Part/libopencm3-libs_and_examples/libopencm3-examples/libopencm3/lib/libopencm3_stm32f4.a(vector.o)
uart5_isr                                         /Part/libopencm3-libs_and_examples/libopencm3-examples/libopencm3/lib/libopencm3_stm32f4.a(vector.o)
uart7_isr                                         /Part/libopencm3-libs_and_examples/libopencm3-examples/libopencm3/lib/libopencm3_stm32f4.a(vector.o)
uart8_isr                                         /Part/libopencm3-libs_and_examples/libopencm3-examples/libopencm3/lib/libopencm3_stm32f4.a(vector.o)
usage_fault_handler                               /Part/libopencm3-libs_and_examples/libopencm3-examples/libopencm3/lib/libopencm3_stm32f4.a(vector.o)
usart1_isr                                        /Part/libopencm3-libs_and_examples/libopencm3-examples/libopencm3/lib/libopencm3_stm32f4.a(vector.o)
usart2_isr                                        /Part/libopencm3-libs_and_examples/libopencm3-examples/libopencm3/lib/libopencm3_stm32f4.a(vector.o)
usart3_isr                                        /Part/libopencm3-libs_and_examples/libopencm3-examples/libopencm3/lib/libopencm3_stm32f4.a(vector.o)
usart6_isr                                        /Part/libopencm3-libs_and_examples/libopencm3-examples/libopencm3/lib/libopencm3_stm32f4.a(vector.o)
usb_fs_wkup_isr                                   /Part/libopencm3-libs_and_examples/libopencm3-examples/libopencm3/lib/libopencm3_stm32f4.a(vector.o)
vector_table                                      /Part/libopencm3-libs_and_examples/libopencm3-examples/libopencm3/lib/libopencm3_stm32f4.a(vector.o)
